
[                      TagNum: 279    Line: 1     Col: 1          
}                      TagNum: 282    Line: 1     Col: 3          
]                      TagNum: 280    Line: 1     Col: 5          
&&                     TagNum: 288    Line: 1     Col: 7          
||                     TagNum: 289    Line: 1     Col: 10         
!                      TagNum: 285    Line: 3     Col: 1          
@                      TagNum: 297    Line: 3     Col: 3          
==>                    TagNum: 290    Line: 5     Col: 1          
+                      TagNum: 286    Line: 7     Col: 1          
=                      TagNum: 291    Line: 7     Col: 3          
-                      TagNum: 287    Line: 7     Col: 5          
<                      TagNum: 284    Line: 8     Col: 1          
?                      TagNum: 296    Line: 10    Col: 1          
>                      TagNum: 283    Line: 12    Col: 1          
|                      TagNum: 295    Line: 13    Col: 9          
|                      TagNum: 295    Line: 13    Col: 11         
|                      TagNum: 295    Line: 13    Col: 13         
||                     TagNum: 289    Line: 14    Col: 1          
|                      TagNum: 295    Line: 14    Col: 4          
|                      TagNum: 295    Line: 14    Col: 6          
||                     TagNum: 289    Line: 14    Col: 8          
|                      TagNum: 295    Line: 14    Col: 11         
||                     TagNum: 289    Line: 16    Col: 1          
|                      TagNum: 295    Line: 16    Col: 4          
|                      TagNum: 295    Line: 16    Col: 6          
.                      TagNum: 298    Line: 16    Col: 7          
|                      TagNum: 295    Line: 16    Col: 8          
|                      TagNum: 295    Line: 16    Col: 22         
||                     TagNum: 289    Line: 16    Col: 24         
|                      TagNum: 295    Line: 17    Col: 1          
||                     TagNum: 289    Line: 17    Col: 3          
[                      TagNum: 279    Line: 19    Col: 1          
(                      TagNum: 277    Line: 21    Col: 4          
{                      TagNum: 281    Line: 24    Col: 9          
(                      TagNum: 277    Line: 25    Col: 13         
{                      TagNum: 281    Line: 25    Col: 14         
{                      TagNum: 281    Line: 25    Col: 15         
{                      TagNum: 281    Line: 26    Col: 17         
{                      TagNum: 281    Line: 26    Col: 18         
]                      TagNum: 280    Line: 28    Col: 1          
[                      TagNum: 279    Line: 29    Col: 1          
{                      TagNum: 281    Line: 29    Col: 2          
}                      TagNum: 282    Line: 29    Col: 3          
]                      TagNum: 280    Line: 29    Col: 4          
[                      TagNum: 279    Line: 29    Col: 5          
]                      TagNum: 280    Line: 29    Col: 6          
}                      TagNum: 282    Line: 30    Col: 1          
]                      TagNum: 280    Line: 30    Col: 2          
[                      TagNum: 279    Line: 30    Col: 3          
}                      TagNum: 282    Line: 30    Col: 8          
)                      TagNum: 278    Line: 31    Col: 4          
]                      TagNum: 280    Line: 32    Col: 1          
=>                     TagNum: 292    Line: 34    Col: 1          
.                      TagNum: 298    Line: 34    Col: 4          
::                     TagNum: 300    Line: 35    Col: 1          
::                     TagNum: 300    Line: 35    Col: 4          
;                      TagNum: 302    Line: 35    Col: 7          
::                     TagNum: 300    Line: 36    Col: 1          
:                      TagNum: 299    Line: 36    Col: 4          
::                     TagNum: 300    Line: 36    Col: 6          
;                      TagNum: 302    Line: 36    Col: 9          
,                      TagNum: 301    Line: 38    Col: 1          
,                      TagNum: 301    Line: 38    Col: 3          
|                      TagNum: 295    Line: 38    Col: 5          
,                      TagNum: 301    Line: 38    Col: 7          
[                      TagNum: 279    Line: 38    Col: 9          
]                      TagNum: 280    Line: 38    Col: 11         
There were no unrecognized tokens
Token Count : 67
