
elif                   TagNum: 272    Line: 1     Col: 1          
namespace              TagNum: 258    Line: 1     Col: 6          
model                  TagNum: 261    Line: 1     Col: 16         
extends                TagNum: 262    Line: 2     Col: 5          
model                  TagNum: 261    Line: 3     Col: 17         
alias                  TagNum: 263    Line: 3     Col: 33         
requires               TagNum: 264    Line: 4     Col: 17         
return                 TagNum: 267    Line: 5     Col: 1          
fn                     TagNum: 268    Line: 7     Col: 1          
true                   TagNum: 274    Line: 8     Col: 1          
namespace              TagNum: 258    Line: 8     Col: 6          
extends                TagNum: 262    Line: 8     Col: 16         
requires               TagNum: 264    Line: 8     Col: 24         
scalar                 TagNum: 265    Line: 9     Col: 25         
none                   TagNum: 276    Line: 11    Col: 1          
namespace              TagNum: 258    Line: 13    Col: 1          
using                  TagNum: 259    Line: 13    Col: 11         
const                  TagNum: 260    Line: 13    Col: 17         
model                  TagNum: 261    Line: 13    Col: 23         
extends                TagNum: 262    Line: 13    Col: 29         
alias                  TagNum: 263    Line: 13    Col: 37         
requires               TagNum: 264    Line: 22    Col: 1          
scalar                 TagNum: 265    Line: 22    Col: 10         
function               TagNum: 266    Line: 22    Col: 17         
return                 TagNum: 267    Line: 22    Col: 58         
fn                     TagNum: 268    Line: 22    Col: 65         
pred                   TagNum: 269    Line: 22    Col: 68         
let                    TagNum: 270    Line: 22    Col: 73         
if                     TagNum: 271    Line: 22    Col: 77         
elif                   TagNum: 272    Line: 27    Col: 1          
else                   TagNum: 273    Line: 27    Col: 6          
true                   TagNum: 274    Line: 27    Col: 11         
false                  TagNum: 275    Line: 32    Col: 1          
none                   TagNum: 276    Line: 32    Col: 7          
extends                TagNum: 262    Line: 34    Col: 1          
return                 TagNum: 267    Line: 35    Col: 6          
namespace              TagNum: 258    Line: 40    Col: 6          
using                  TagNum: 259    Line: 40    Col: 16         
const                  TagNum: 260    Line: 41    Col: 6          
fn                     TagNum: 268    Line: 41    Col: 12         
pred                   TagNum: 269    Line: 41    Col: 15         
alias                  TagNum: 263    Line: 44    Col: 6          
namespace              TagNum: 258    Line: 44    Col: 12         
using                  TagNum: 259    Line: 44    Col: 22         
extends                TagNum: 262    Line: 46    Col: 5          
alias                  TagNum: 263    Line: 46    Col: 13         
requires               TagNum: 264    Line: 46    Col: 19         
scalar                 TagNum: 265    Line: 48    Col: 1          
function               TagNum: 266    Line: 48    Col: 8          
return                 TagNum: 267    Line: 48    Col: 17         
fn                     TagNum: 268    Line: 48    Col: 24         
pred                   TagNum: 269    Line: 48    Col: 27         
let                    TagNum: 270    Line: 48    Col: 32         
if                     TagNum: 271    Line: 48    Col: 36         
elif                   TagNum: 272    Line: 48    Col: 39         
else                   TagNum: 273    Line: 53    Col: 50         
true                   TagNum: 274    Line: 53    Col: 55         
false                  TagNum: 275    Line: 53    Col: 60         
none                   TagNum: 276    Line: 53    Col: 66         
const                  TagNum: 260    Line: 54    Col: 5          
model                  TagNum: 261    Line: 54    Col: 11         
requires               TagNum: 264    Line: 54    Col: 17         
let                    TagNum: 270    Line: 54    Col: 26         
if                     TagNum: 271    Line: 58    Col: 5          
elif                   TagNum: 272    Line: 58    Col: 8          
else                   TagNum: 273    Line: 61    Col: 41         
true                   TagNum: 274    Line: 61    Col: 46         
false                  TagNum: 275    Line: 61    Col: 51         
none                   TagNum: 276    Line: 67    Col: 41         
There were no unrecognized tokens
Token Count : 69
